---
source: polychem/src/atoms/chemical_composition.rs
expression: "(chemical_formula, particle_offset)"
---
(
    [
        (
            "Nitrogen",
            1,
        ),
        (
            "Hydrogen",
            3,
        ),
    ],
    Some(
        (
            Add,
            1,
            "Proton",
        ),
    ),
)
