---
source: polychem/src/atoms/chemical_composition.rs
expression: "(chemical_formula, particle_offset)"
---
(
    [
        (
            "Hydrogen-2",
            2,
        ),
        (
            "Oxygen",
            1,
        ),
    ],
    None,
)
