---
source: polychem/src/atoms/element.rs
description: "Element::new(&DB, \"R\")"
expression: out
---
  Ã— the element "R" could not be found in the supplied atomic database
