---
source: polychem/src/polymers/polymer_database.rs
description: modifications
expression: out
---
  × failed to validate polymer database file
  ╰─▶   × the target "Hydroxyl" overlaps with 2 other target specifiers
        help: double-check for typos, or remove the overlapping target
      specifier
      
   ╭─[test:2:5]
 1 │ Ac "O-Acetylation" {
 2 │     targeting "Hydroxyl" at="Reducing End"
   ·     ───────────────────┬───────────────────
   ·                        ╰── overlaps with
 3 │     targeting "Hydroxyl"
   ·     ──────────┬──────────
   ·               ╰── this target
 4 │     targeting "Hydroxyl" at="6-Position" of="N-Acetylmuramic Acid"
   ·     ───────────────────────────────┬───────────────────────────────
   ·                                    ╰── overlaps with
 5 │ }
   ╰────
