---
source: polychem/src/polymers/polymer_chemistry.rs
expression: modifications.unwrap()
---
{}
