---
source: crates/polychem/src/atoms/element.rs
description: "Element::new(&DB, \"R\")"
expression: out
---
  Ã— the element "R" could not be found in the supplied atomic database
  help: double-check for typos, or add a new entry to the atomic database
