---
source: crates/polychem/src/atoms/particle.rs
expression: "Particle::new(&DB, \"e\").unwrap()"
---
Particle {
    symbol: "e",
    name: "Electron",
    mass: 0.000548579909065,
    charge: -1,
}
