---
source: crates/polychem/src/parsers/chemical_composition.rs
expression: "(chemical_formula, particle_offset)"
---
(
    [
        (
            "Chlorine-37",
            5,
        ),
    ],
    Some(
        (
            Remove,
            2,
            "Proton",
        ),
    ),
)
