---
source: crates/polychem/src/polymers/polymer.rs
description: nonexistent_residue
expression: out
---
  Ã— the residue "?" could not be found in the supplied polymer database
