---
source: crates/polychem/src/polymers/polymer_database.rs
description: residues
expression: out
---
  × error parsing KDL

Error:   × child node `types` is required
