---
source: crates/polychem/src/polymers/polymer_database.rs
description: bonds
expression: out
---
  × error parsing KDL

Error:   × child node `to` is required
   ╭─[test:1:1]
 1 │ ╭─▶ Glycosidic {
 2 │ │       from "Hydroxyl" at="Reducing End"
 3 │ ├─▶ }
   · ╰──── node starts here
   ╰────
