---
source: crates/polychem/src/polymerizer/mod.rs
description: zero_groups
expression: out
---
  Ã— attemped to find zero free groups, but you must look for at least one
