---
source: src/polychem/chemical_database.rs
expression: out
---
  × error parsing KDL

Error:   × expected a single uppercase ASCII letter optionally followed by a
  │ lowercase ASCII letter, got "Deu"
  ╰─▶ expected a single uppercase ASCII letter optionally followed by a
      lowercase ASCII letter, got "Deu"
   ╭─[test:1:1]
 1 │ Deu "Deuterium" {
   · ─┬─
   ·  ╰── invalid value
 2 │   isotope 2 2.01410177812 1
   ╰────

