---
source: src/polychem/composition_parser.rs
expression: out
---
  × Should be an element (Au) or and isotope [15N] optionally followed by
  │ a number
  ╰─▶   × expected ']' to close isotope brackets
      
   ╭────
 1 │ [37Cl 
   ·      ▲
   ·      ╰── ']'
   ╰────
  help: Have you tried...

