---
source: src/polychem/composition_parser.rs
expression: out
---
  × expected an element (like Au) or an isotope (like [15N]) optionally
  │ followed by a number
  ╰─▶   × counts cannot start with 0
        help: a 0 value doesn't make sense here, if you've mistakenly included
      a
              leading zero, like NH02, try just NH2 instead
      
   ╭────
 1 │ C3H06N4 
   ·    ▲
   ·    ╰── expected non-zero
   ╰────

