---
source: polychem/src/composition_parser.rs
expression: "(chemical_formula, particle_offset)"
---
(
    [
        (
            "Nitrogen",
            1,
        ),
        (
            "Hydrogen",
            2,
        ),
    ],
    None,
)
