---
source: src/parser.rs
assertion_line: 263
expression: "lateral_chain(\"[G]\")?"
---
(
    "",
    [
        (
            'G',
            None,
        ),
    ],
)
