---
source: src/parser.rs
assertion_line: 276
expression: "crosslink(\"=4>3=\")?"
---
(
    "",
    Explicit(
        [
            (
                4,
                DonatesTo,
                3,
            ),
        ],
    ),
)
