---
source: src/parser.rs
assertion_line: 274
expression: "crosslink(\"=\")?"
---
(
    "",
    Ambiguous,
)
